// Jest Snapshot v1, https://goo.gl/fbAQLP

exports[`Button render snapshot 1`] = `
<View
  accessibilityLabel="button"
  accessibilityState={
    {
      "disabled": false,
    }
  }
  accessible={true}
  collapsable={false}
  focusable={false}
  onClick={[Function]}
  onResponderGrant={[Function]}
  onResponderMove={[Function]}
  onResponderRelease={[Function]}
  onResponderTerminate={[Function]}
  onResponderTerminationRequest={[Function]}
  onStartShouldSetResponder={[Function]}
  style={
    {
      "alignItems": "center",
      "backgroundColor": "#0065FE",
      "borderColor": "#0065FE",
      "borderRadius": 4,
      "borderStyle": "solid",
      "borderWidth": 0,
      "flexDirection": "row",
      "height": 44,
      "justifyContent": "center",
      "opacity": 1,
      "paddingHorizontal": 8,
    }
  }
>
  <Text
    numberOfLines={1}
    style={
      {
        "color": "#FFFFFF",
        "fontSize": 16,
        "marginLeft": 0,
        "textAlign": "center",
      }
    }
  >
    primary
  </Text>
</View>
`;
