// Jest Snapshot v1, https://goo.gl/fbAQLP

exports[`Blank render snapshot 1`] = `
<View
  collapsable={false}
  style={
    {
      "backgroundColor": "#FFFFFF",
      "borderTopColor": "#EFF3F9",
      "borderTopWidth": 1,
      "height": 50,
      "overflow": "hidden",
      "paddingBottom": 0,
    }
  }
>
  <Text>
    Content
  </Text>
</View>
`;
